gp36:178254:180463 [2] NCCL INFO Channel 03 : 2[2] -> 3[3] via SHM/direct/direct
gp36:178255:180462 [3] NCCL INFO Channel 03 : 3[3] -> 0[0] via SHM/direct/direct
gp36:178253:180461 [1] NCCL INFO Connected all rings, use ring PXN 0 GDR 1
gp36:178252:180464 [0] NCCL INFO Connected all rings, use ring PXN 0 GDR 1
gp36:178254:180463 [2] NCCL INFO Connected all rings, use ring PXN 0 GDR 1
gp36:178255:180462 [3] NCCL INFO Connected all rings, use ring PXN 0 GDR 1
[INFO|trainer.py:2405] 2026-06-12 01:22:38,373 >> ***** Running training *****
[INFO|trainer.py:2406] 2026-06-12 01:22:38,373 >>   Num examples = 89,469
[INFO|trainer.py:2407] 2026-06-12 01:22:38,373 >>   Num Epochs = 1
[INFO|trainer.py:2408] 2026-06-12 01:22:38,373 >>   Instantaneous batch size per device = 1
[INFO|trainer.py:2411] 2026-06-12 01:22:38,373 >>   Total train batch size (w. parallel, distributed & accumulation) = 4
[INFO|trainer.py:2412] 2026-06-12 01:22:38,373 >>   Gradient Accumulation steps = 1
[INFO|trainer.py:2413] 2026-06-12 01:22:38,373 >>   Total optimization steps = 22,368
[INFO|trainer.py:2414] 2026-06-12 01:22:38,378 >>   Number of trainable parameters = 72,876,032
/home/m-wu/proj/MiMo/bin/data/dataset.py:45: UserWarning: torchaudio._backend.utils.info has been deprecated. This deprecation is part of a large refactoring effort to transition TorchAudio into a maintenance phase. The decoding and encoding capabilities of PyTorch for both audio and video are being consolidated into TorchCodec. Please see https://github.com/pytorch/audio/issues/3902 for more information. It will be removed from the 2.9 release. 
  info = torchaudio.info(audio_path)
/home/m-wu/miniconda3/envs/mimo_cuda13/lib/python3.12/site-packages/torchaudio/_backend/soundfile_backend.py:120: UserWarning: torchaudio._backend.common.AudioMetaData has been deprecated. This deprecation is part of a large refactoring effort to transition TorchAudio into a maintenance phase. The decoding and encoding capabilities of PyTorch for both audio and video are being consolidated into TorchCodec. Please see https://github.com/pytorch/audio/issues/3902 for more information. It will be removed from the 2.9 release. 
  return AudioMetaData(
/home/m-wu/miniconda3/envs/mimo_cuda13/lib/python3.12/site-packages/torchaudio/_backend/utils.py:213: UserWarning: In 2.9, this function's implementation will be changed to use torchaudio.load_with_torchcodec` under the hood. Some parameters like ``normalize``, ``format``, ``buffer_size``, and ``backend`` will be ignored. We recommend that you port your code to rely directly on TorchCodec's decoder instead: https://docs.pytorch.org/torchcodec/stable/generated/torchcodec.decoders.AudioDecoder.html#torchcodec.decoders.AudioDecoder.
  warnings.warn(
/home/m-wu/proj/MiMo/bin/data/dataset.py:45: UserWarning: torchaudio._backend.utils.info has been deprecated. This deprecation is part of a large refactoring effort to transition TorchAudio into a maintenance phase. The decoding and encoding capabilities of PyTorch for both audio and video are being consolidated into TorchCodec. Please see https://github.com/pytorch/audio/issues/3902 for more information. It will be removed from the 2.9 release. 
  info = torchaudio.info(audio_path)
/home/m-wu/miniconda3/envs/mimo_cuda13/lib/python3.12/site-packages/torchaudio/_backend/soundfile_backend.py:120: UserWarning: torchaudio._backend.common.AudioMetaData has been deprecated. This deprecation is part of a large refactoring effort to transition TorchAudio into a maintenance phase. The decoding and encoding capabilities of PyTorch for both audio and video are being consolidated into TorchCodec. Please see https://github.com/pytorch/audio/issues/3902 for more information. It will be removed from the 2.9 release. 
  return AudioMetaData(
/home/m-wu/proj/MiMo/bin/data/dataset.py:45: UserWarning: torchaudio._backend.utils.info has been deprecated. This deprecation is part of a large refactoring effort to transition TorchAudio into a maintenance phase. The decoding and encoding capabilities of PyTorch for both audio and video are being consolidated into TorchCodec. Please see https://github.com/pytorch/audio/issues/3902 for more information. It will be removed from the 2.9 release. 
  info = torchaudio.info(audio_path)
/home/m-wu/miniconda3/envs/mimo_cuda13/lib/python3.12/site-packages/torchaudio/_backend/utils.py:213: UserWarning: In 2.9, this function's implementation will be changed to use torchaudio.load_with_torchcodec` under the hood. Some parameters like ``normalize``, ``format``, ``buffer_size``, and ``backend`` will be ignored. We recommend that you port your code to rely directly on TorchCodec's decoder instead: https://docs.pytorch.org/torchcodec/stable/generated/torchcodec.decoders.AudioDecoder.html#torchcodec.decoders.AudioDecoder.
  warnings.warn(
  0%|          | 0/22368 [00:00<?, ?it/s]/home/m-wu/miniconda3/envs/mimo_cuda13/lib/python3.12/site-packages/torchaudio/_backend/soundfile_backend.py:120: UserWarning: torchaudio._backend.common.AudioMetaData has been deprecated. This deprecation is part of a large refactoring effort to transition TorchAudio into a maintenance phase. The decoding and encoding capabilities of PyTorch for both audio and video are being consolidated into TorchCodec. Please see https://github.com/pytorch/audio/issues/3902 for more information. It will be removed from the 2.9 release. 
  return AudioMetaData(
/home/m-wu/miniconda3/envs/mimo_cuda13/lib/python3.12/site-packages/torchaudio/_backend/utils.py:213: UserWarning: In 2.9, this function's implementation will be changed to use torchaudio.load_with_torchcodec` under the hood. Some parameters like ``normalize``, ``format``, ``buffer_size``, and ``backend`` will be ignored. We recommend that you port your code to rely directly on TorchCodec's decoder instead: https://docs.pytorch.org/torchcodec/stable/generated/torchcodec.decoders.AudioDecoder.html#torchcodec.decoders.AudioDecoder.
  warnings.warn(
/home/m-wu/proj/MiMo/bin/data/dataset.py:45: UserWarning: torchaudio._backend.utils.info has been deprecated. This deprecation is part of a large refactoring effort to transition TorchAudio into a maintenance phase. The decoding and encoding capabilities of PyTorch for both audio and video are being consolidated into TorchCodec. Please see https://github.com/pytorch/audio/issues/3902 for more information. It will be removed from the 2.9 release. 
  info = torchaudio.info(audio_path)
/home/m-wu/miniconda3/envs/mimo_cuda13/lib/python3.12/site-packages/torchaudio/_backend/soundfile_backend.py:120: UserWarning: torchaudio._backend.common.AudioMetaData has been deprecated. This deprecation is part of a large refactoring effort to transition TorchAudio into a maintenance phase. The decoding and encoding capabilities of PyTorch for both audio and video are being consolidated into TorchCodec. Please see https://github.com/pytorch/audio/issues/3902 for more information. It will be removed from the 2.9 release. 
  return AudioMetaData(
/home/m-wu/miniconda3/envs/mimo_cuda13/lib/python3.12/site-packages/torchaudio/_backend/utils.py:213: UserWarning: In 2.9, this function's implementation will be changed to use torchaudio.load_with_torchcodec` under the hood. Some parameters like ``normalize``, ``format``, ``buffer_size``, and ``backend`` will be ignored. We recommend that you port your code to rely directly on TorchCodec's decoder instead: https://docs.pytorch.org/torchcodec/stable/generated/torchcodec.decoders.AudioDecoder.html#torchcodec.decoders.AudioDecoder.
  warnings.warn(
  0%|          | 1/22368 [00:03<22:54:52,  3.69s/it]gp36:178252:178252 [0] NCCL INFO Comm config Blocking set to 1
gp36:178254:178254 [2] NCCL INFO Comm config Blocking set to 1
gp36:178253:178253 [1] NCCL INFO Comm config Blocking set to 1
gp36:178255:178255 [3] NCCL INFO Comm config Blocking set to 1
gp36:178254:180918 [2] NCCL INFO Assigned NET plugin Socket to comm
gp36:178254:180918 [2] NCCL INFO Using network Socket
gp36:178252:180917 [0] NCCL INFO Assigned NET plugin Socket to comm
gp36:178253:180919 [1] NCCL INFO Assigned NET plugin Socket to comm
gp36:178252:180917 [0] NCCL INFO Using network Socket
gp36:178253:180919 [1] NCCL INFO Using network Socket
gp36:178254:180918 [2] NCCL INFO ncclCommInitRankConfig comm 0x71c57700 rank 2 nranks 4 cudaDev 2 nvmlDev 2 busId d8000 commId 0xbf93d288e1821842 - Init START
gp36:178253:180919 [1] NCCL INFO ncclCommInitRankConfig comm 0x8f29bd90 rank 1 nranks 4 cudaDev 1 nvmlDev 1 busId 92000 commId 0xbf93d288e1821842 - Init START
gp36:178252:180917 [0] NCCL INFO ncclCommInitRankConfig comm 0xa76b8790 rank 0 nranks 4 cudaDev 0 nvmlDev 0 busId 65000 commId 0xbf93d288e1821842 - Init START
gp36:178255:180920 [3] NCCL INFO Assigned NET plugin Socket to comm
gp36:178255:180920 [3] NCCL INFO Using network Socket
gp36:178255:180920 [3] NCCL INFO ncclCommInitRankConfig comm 0xa218db50 rank 3 nranks 4 cudaDev 3 nvmlDev 3 busId e0000 commId 0xbf93d288e1821842 - Init START
gp36:178254:180918 [2] NCCL INFO Bootstrap timings total 0.001276 (create 0.000027, send 0.000109, recv 0.000736, ring 0.000293, delay 0.000000)
gp36:178253:180919 [1] NCCL INFO Bootstrap timings total 0.001258 (create 0.000026, send 0.000097, recv 0.000182, ring 0.000686, delay 0.000000)
gp36:178252:180917 [0] NCCL INFO Bootstrap timings total 0.001181 (create 0.000038, send 0.000172, recv 0.000132, ring 0.000132, delay 0.000000)
gp36:178255:180920 [3] NCCL INFO Bootstrap timings total 0.000738 (create 0.000052, send 0.000222, recv 0.000129, ring 0.000093, delay 0.000000)
gp36:178253:180919 [1] NCCL INFO Setting affinity for GPU 1 to 0-23
gp36:178253:180919 [1] NCCL INFO NVLS multicast support is not available on dev 1 (NVLS_NCHANNELS 0)
gp36:178254:180918 [2] NCCL INFO Setting affinity for GPU 2 to 0-23
gp36:178255:180920 [3] NCCL INFO Setting affinity for GPU 3 to 0-23
gp36:178254:180918 [2] NCCL INFO NVLS multicast support is not available on dev 2 (NVLS_NCHANNELS 0)
gp36:178255:180920 [3] NCCL INFO NVLS multicast support is not available on dev 3 (NVLS_NCHANNELS 0)
gp36:178252:180917 [0] NCCL INFO Setting affinity for GPU 0 to 0-23
gp36:178252:180917 [0] NCCL INFO NVLS multicast support is not available on dev 0 (NVLS_NCHANNELS 0)
gp36:178252:180917 [0] NCCL INFO comm 0xa76b8790 rank 0 nRanks 4 nNodes 1 localRanks 4 localRank 0 MNNVL 0
gp36:178254:180918 [2] NCCL INFO comm 0x71c57700 rank 2 nRanks 4 nNodes 1 localRanks 4 localRank 2 MNNVL 0
gp36:178255:180920 [3] NCCL INFO comm 0xa218db50 rank 3 nRanks 4 nNodes 1 localRanks 4 localRank 3 MNNVL 0
gp36:178253:180919 [1] NCCL INFO comm 0x8f29bd90 rank 1 nRanks 4 nNodes 1 localRanks 4 localRank 1 MNNVL 0
gp36:178252:180917 [0] NCCL INFO Channel 00/04 : 0 1 2 3
gp36:178252:180917 [0] NCCL INFO Channel 01/04 : 0 1 2 3
gp36:178254:180918 [2] NCCL INFO Trees [0] 3/-1/-1->2->1 [1] 3/-1/-1->2->1 [2] 3/-1/-1->2->1 [3] 3/-1/-1->2->1
gp36:178255:180920 [3] NCCL INFO Trees [0] -1/-1/-1->3->2 [1] -1/-1/-1->3->2 [2] -1/-1/-1->3->2 [3] -1/-1/-1->3->2
gp36:178252:180917 [0] NCCL INFO Channel 02/04 : 0 1 2 3
gp36:178254:180918 [2] NCCL INFO P2P Chunksize set to 131072
gp36:178255:180920 [3] NCCL INFO P2P Chunksize set to 131072
gp36:178252:180917 [0] NCCL INFO Channel 03/04 : 0 1 2 3
gp36:178253:180919 [1] NCCL INFO Trees [0] 2/-1/-1->1->0 [1] 2/-1/-1->1->0 [2] 2/-1/-1->1->0 [3] 2/-1/-1->1->0
gp36:178253:180919 [1] NCCL INFO P2P Chunksize set to 131072
gp36:178252:180917 [0] NCCL INFO Trees [0] 1/-1/-1->0->-1 [1] 1/-1/-1->0->-1 [2] 1/-1/-1->0->-1 [3] 1/-1/-1->0->-1
gp36:178252:180917 [0] NCCL INFO P2P Chunksize set to 131072
gp36:178252:180917 [0] NCCL INFO Check P2P Type isAllDirectP2p 0 directMode 0
gp36:178252:180921 [0] NCCL INFO [Proxy Service] Device 0 CPU core 21
gp36:178253:180928 [1] NCCL INFO [Proxy Service UDS] Device 1 CPU core 5
gp36:178255:180922 [3] NCCL INFO [Proxy Service] Device 3 CPU core 10
gp36:178255:180925 [3] NCCL INFO [Proxy Service UDS] Device 3 CPU core 7
gp36:178253:180924 [1] NCCL INFO [Proxy Service] Device 1 CPU core 21
gp36:178254:180926 [2] NCCL INFO [Proxy Service UDS] Device 2 CPU core 4
gp36:178254:180923 [2] NCCL INFO [Proxy Service] Device 2 CPU core 0
gp36:178252:180927 [0] NCCL INFO [Proxy Service UDS] Device 0 CPU core 4
gp36:178252:180917 [0] NCCL INFO threadThresholds 8/8/64 | 32/8/64 | 512 | 512
gp36:178252:180917 [0] NCCL INFO 4 coll channels, 4 collnet channels, 0 nvls channels, 4 p2p channels, 2 p2p channels per peer
gp36:178252:180917 [0] NCCL INFO CC Off, workFifoBytes 1048576
gp36:178254:180918 [2] NCCL INFO threadThresholds 8/8/64 | 32/8/64 | 512 | 512
gp36:178254:180918 [2] NCCL INFO 4 coll channels, 4 collnet channels, 0 nvls channels, 4 p2p channels, 2 p2p channels per peer
gp36:178253:180919 [1] NCCL INFO threadThresholds 8/8/64 | 32/8/64 | 512 | 512
gp36:178253:180919 [1] NCCL INFO 4 coll channels, 4 collnet channels, 0 nvls channels, 4 p2p channels, 2 p2p channels per peer
gp36:178255:180920 [3] NCCL INFO threadThresholds 8/8/64 | 32/8/64 | 512 | 512
gp36:178255:180920 [3] NCCL INFO 4 coll channels, 4 collnet channels, 0 nvls channels, 4 p2p channels, 2 p2p channels per peer
gp36:178254:180918 [2] NCCL INFO ncclCommInitRankConfig comm 0x71c57700 rank 2 nranks 4 cudaDev 2 nvmlDev 2 busId d8000 commId 0xbf93d288e1821842 - Init COMPLETE
gp36:178252:180917 [0] NCCL INFO ncclCommInitRankConfig comm 0xa76b8790 rank 0 nranks 4 cudaDev 0 nvmlDev 0 busId 65000 commId 0xbf93d288e1821842 - Init COMPLETE
gp36:178252:180917 [0] NCCL INFO Init timings - ncclCommInitRankConfig: rank 0 nranks 4 total 0.02 (kernels 0.00, alloc 0.00, bootstrap 0.00, allgathers 0.00, topo 0.01, graphs 0.00, connections 0.00, rest 0.00)
gp36:178254:180918 [2] NCCL INFO Init timings - ncclCommInitRankConfig: rank 2 nranks 4 total 0.02 (kernels 0.00, alloc 0.00, bootstrap 0.00, allgathers 0.00, topo 0.01, graphs 0.00, connections 0.01, rest 0.00)
gp36:178255:180920 [3] NCCL INFO ncclCommInitRankConfig comm 0xa218db50 rank 3 nranks 4 cudaDev 3 nvmlDev 3 busId e0000 commId 0xbf93d288e1821842 - Init COMPLETE
gp36:178255:180920 [3] NCCL INFO Init timings - ncclCommInitRankConfig: rank 3 nranks 4 total 0.02 (kernels 0.00, alloc 0.00, bootstrap 0.00, allgathers 0.00, topo 0.01, graphs 0.00, connections 0.00, rest 0.00)
gp36:178253:180919 [1] NCCL INFO ncclCommInitRankConfig comm 0x8f29bd90 rank 1 nranks 4 cudaDev 1 nvmlDev 1 busId 92000 commId 0xbf93d288e1821842 - Init COMPLETE
gp36:178253:180919 [1] NCCL INFO Init timings - ncclCommInitRankConfig: rank 1 nranks 4 total 0.02 (kernels 0.00, alloc 0.00, bootstrap 0.00, allgathers 0.00, topo 0.01, graphs 0.00, connections 0.01, rest 0.00)
gp36:178252:180931 [0] NCCL INFO Channel 00 : 0[0] -> 1[1] via SHM/direct/direct
gp36:178254:180930 [2] NCCL INFO Channel 00 : 2[2] -> 3[3] via SHM/direct/direct
gp36:178255:180929 [3] NCCL INFO Channel 00 : 3[3] -> 0[0] via SHM/direct/direct
gp36:178253:180932 [1] NCCL INFO Channel 00 : 1[1] -> 2[2] via SHM/direct/direct
gp36:178252:180931 [0] NCCL INFO Channel 01 : 0[0] -> 1[1] via SHM/direct/direct
gp36:178255:180929 [3] NCCL INFO Channel 01 : 3[3] -> 0[0] via SHM/direct/direct
gp36:178253:180932 [1] NCCL INFO Channel 01 : 1[1] -> 2[2] via SHM/direct/direct
gp36:178254:180930 [2] NCCL INFO Channel 01 : 2[2] -> 3[3] via SHM/direct/direct
gp36:178252:180931 [0] NCCL INFO Channel 02 : 0[0] -> 1[1] via SHM/direct/direct
gp36:178253:180932 [1] NCCL INFO Channel 02 : 1[1] -> 2[2] via SHM/direct/direct
gp36:178255:180929 [3] NCCL INFO Channel 02 : 3[3] -> 0[0] via SHM/direct/direct
gp36:178254:180930 [2] NCCL INFO Channel 02 : 2[2] -> 3[3] via SHM/direct/direct
gp36:178255:180929 [3] NCCL INFO Channel 03 : 3[3] -> 0[0] via SHM/direct/direct
gp36:178252:180931 [0] NCCL INFO Channel 03 : 0[0] -> 1[1] via SHM/direct/direct
gp36:178253:180932 [1] NCCL INFO Channel 03 : 1[1] -> 2[2] via SHM/direct/direct
gp36:178254:180930 [2] NCCL INFO Channel 03 : 2[2] -> 3[3] via SHM/direct/direct
gp36:178253:180932 [1] NCCL INFO Connected all rings, use ring PXN 0 GDR 1
gp36:178252:180931 [0] NCCL INFO Connected all rings, use ring PXN 0 GDR 1
gp36:178255:180929 [3] NCCL INFO Connected all rings, use ring PXN 0 GDR 1
gp36:178254:180930 [2] NCCL INFO Connected all rings, use ring PXN 0 GDR 1
                                                    {'loss': 3.5071, 'grad_norm': 1.6047779321670532, 'learning_rate': 2.9761904761904764e-08, 'epoch': 0.0}
  0%|          | 1/22368 [00:03<22:54:52,  3.69s/it][rank1]: Traceback (most recent call last):
[rank1]:   File "/home/m-wu/proj/MiMo/bin/train.py", line 371, in <module>
[rank1]:     train()
[rank1]:   File "/home/m-wu/proj/MiMo/bin/train.py", line 322, in train
[rank1]:     trainer.train()
[rank1]:   File "/home/m-wu/miniconda3/envs/mimo_cuda13/lib/python3.12/site-packages/transformers/trainer.py", line 2241, in train
[rank1]:     return inner_training_loop(
[rank1]:            ^^^^^^^^^^^^^^^^^^^^
[rank1]:   File "/home/m-wu/miniconda3/envs/mimo_cuda13/lib/python3.12/site-packages/transformers/trainer.py", line 2548, in _inner_training_loop
[rank1]:     tr_loss_step = self.training_step(model, inputs, num_items_in_batch)
[rank1]:                    ^^^^^^^^^^^^^^^^^^^^^^^^^^^^^^^^^^^^^^^^^^^^^^^^^^^^^
[rank1]:   File "/home/m-wu/miniconda3/envs/mimo_cuda13/lib/python3.12/site-packages/transformers/trainer.py", line 3698, in training_step
[rank1]:     loss = self.compute_loss(model, inputs, num_items_in_batch=num_items_in_batch)
[rank1]:            ^^^^^^^^^^^^^^^^^^^^^^^^^^^^^^^^^^^^^^^^^^^^^^^^^^^^^^^^^^^^^^^^^^^^^^^
[rank1]:   File "/home/m-wu/miniconda3/envs/mimo_cuda13/lib/python3.12/site-packages/transformers/trainer.py", line 3759, in compute_loss
[rank1]:     outputs = model(**inputs)
[rank1]:               ^^^^^^^^^^^^^^^
[rank1]:   File "/home/m-wu/miniconda3/envs/mimo_cuda13/lib/python3.12/site-packages/torch/nn/modules/module.py", line 1773, in _wrapped_call_impl
[rank1]:     return self._call_impl(*args, **kwargs)
[rank1]:            ^^^^^^^^^^^^^^^^^^^^^^^^^^^^^^^^
[rank1]:   File "/home/m-wu/miniconda3/envs/mimo_cuda13/lib/python3.12/site-packages/torch/nn/modules/module.py", line 1784, in _call_impl
[rank1]:     return forward_call(*args, **kwargs)
[rank1]:            ^^^^^^^^^^^^^^^^^^^^^^^^^^^^^
[rank1]:   File "/home/m-wu/miniconda3/envs/mimo_cuda13/lib/python3.12/site-packages/deepspeed/utils/nvtx.py", line 33, in wrapped_fn
[rank1]:     ret_val = func(*args, **kwargs)
[rank1]:               ^^^^^^^^^^^^^^^^^^^^^
[rank1]:   File "/home/m-wu/miniconda3/envs/mimo_cuda13/lib/python3.12/site-packages/deepspeed/runtime/engine.py", line 2375, in forward
[rank1]:     loss = self.module(*inputs, **kwargs)
[rank1]:            ^^^^^^^^^^^^^^^^^^^^^^^^^^^^^^
[rank1]:   File "/home/m-wu/miniconda3/envs/mimo_cuda13/lib/python3.12/site-packages/torch/nn/modules/module.py", line 1773, in _wrapped_call_impl
[rank1]:     return self._call_impl(*args, **kwargs)
[rank1]:            ^^^^^^^^^^^^^^^^^^^^^^^^^^^^^^^^
[rank1]:   File "/home/m-wu/miniconda3/envs/mimo_cuda13/lib/python3.12/site-packages/torch/nn/modules/module.py", line 1879, in _call_impl
[rank1]:     return inner()
[rank1]:            ^^^^^^^
[rank1]:   File "/home/m-wu/miniconda3/envs/mimo_cuda13/lib/python3.12/site-packages/torch/nn/modules/module.py", line 1827, in inner
[rank1]:     result = forward_call(*args, **kwargs)
[rank1]:              ^^^^^^^^^^^^^^^^^^^^^^^^^^^^^
[rank1]:   File "/home/m-wu/miniconda3/envs/mimo_cuda13/lib/python3.12/site-packages/peft/peft_model.py", line 1993, in forward
[rank1]:     return self.base_model(
[rank1]:            ^^^^^^^^^^^^^^^^
[rank1]:   File "/home/m-wu/miniconda3/envs/mimo_cuda13/lib/python3.12/site-packages/torch/nn/modules/module.py", line 1773, in _wrapped_call_impl
[rank1]:     return self._call_impl(*args, **kwargs)
[rank1]:            ^^^^^^^^^^^^^^^^^^^^^^^^^^^^^^^^
[rank1]:   File "/home/m-wu/miniconda3/envs/mimo_cuda13/lib/python3.12/site-packages/torch/nn/modules/module.py", line 1784, in _call_impl
[rank1]:     return forward_call(*args, **kwargs)
[rank1]:            ^^^^^^^^^^^^^^^^^^^^^^^^^^^^^
[rank1]:   File "/home/m-wu/miniconda3/envs/mimo_cuda13/lib/python3.12/site-packages/peft/tuners/tuners_utils.py", line 330, in forward
[rank1]:     return self.model.forward(*args, **kwargs)
[rank1]:            ^^^^^^^^^^^^^^^^^^^^^^^^^^^^^^^^^^^
[rank1]:   File "/home/m-wu/proj/MiMo/bin/model/mimo_audio/modeling_mimo_audio.py", line 481, in forward
[rank1]:     outputs: BaseModelOutputWithPast = self.model(
[rank1]:                                        ^^^^^^^^^^^
[rank1]:   File "/home/m-wu/miniconda3/envs/mimo_cuda13/lib/python3.12/site-packages/torch/nn/modules/module.py", line 1773, in _wrapped_call_impl
[rank1]:     return self._call_impl(*args, **kwargs)
[rank1]:            ^^^^^^^^^^^^^^^^^^^^^^^^^^^^^^^^
[rank1]:   File "/home/m-wu/miniconda3/envs/mimo_cuda13/lib/python3.12/site-packages/torch/nn/modules/module.py", line 1784, in _call_impl
[rank1]:     return forward_call(*args, **kwargs)
[rank1]:            ^^^^^^^^^^^^^^^^^^^^^^^^^^^^^
[rank1]:   File "/home/m-wu/miniconda3/envs/mimo_cuda13/lib/python3.12/site-packages/transformers/models/qwen2/modeling_qwen2.py", line 579, in forward
[rank1]:     layer_outputs = decoder_layer(
[rank1]:                     ^^^^^^^^^^^^^^
[rank1]:   File "/home/m-wu/miniconda3/envs/mimo_cuda13/lib/python3.12/site-packages/torch/nn/modules/module.py", line 1773, in _wrapped_call_impl
[rank1]:     return self._call_impl(*args, **kwargs)
[rank1]:            ^^^^^^^^^^^^^^^^^^^^^^^^^^^^^^^^
[rank1]:   File "/home/m-wu/miniconda3/envs/mimo_cuda13/lib/python3.12/site-packages/torch/nn/modules/module.py", line 1784, in _call_impl
[rank1]:     return forward_call(*args, **kwargs)
[rank1]:            ^^^^^^^^^^^^^^^^^^^^^^^^^^^^^
[rank1]:   File "/home/m-wu/miniconda3/envs/mimo_cuda13/lib/python3.12/site-packages/transformers/models/qwen2/modeling_qwen2.py", line 276, in forward
[rank1]:     hidden_states = self.mlp(hidden_states)
[rank1]:                     ^^^^^^^^^^^^^^^^^^^^^^^
[rank1]:   File "/home/m-wu/miniconda3/envs/mimo_cuda13/lib/python3.12/site-packages/torch/nn/modules/module.py", line 1773, in _wrapped_call_impl
[rank1]:     return self._call_impl(*args, **kwargs)
[rank1]:            ^^^^^^^^^^^^^^^^^^^^^^^^^^^^^^^^
[rank1]:   File "/home/m-wu/miniconda3/envs/mimo_cuda13/lib/python3.12/site-packages/torch/nn/modules/module.py", line 1784, in _call_impl
[rank1]:     return forward_call(*args, **kwargs)
[rank1]:            ^^^^^^^^^^^^^^^^^^^^^^^^^^^^^
[rank1]:   File "/home/m-wu/miniconda3/envs/mimo_cuda13/lib/python3.12/site-packages/transformers/models/qwen2/modeling_qwen2.py", line 57, in forward
[rank1]:     down_proj = self.down_proj(self.act_fn(self.gate_proj(x)) * self.up_proj(x))
[rank1]:                                                                 ^^^^^^^^^^^^^^^
[rank1]:   File "/home/m-wu/miniconda3/envs/mimo_cuda13/lib/python3.12/site-packages/torch/nn/modules/module.py", line 1773, in _wrapped_call_impl
[rank1]:     return self._call_impl(*args, **kwargs)
[rank1]:            ^^^^^^^^^^^^^^^^^^^^^^^^^^^^^^^^
[rank1]:   File "/home/m-wu/miniconda3/envs/mimo_cuda13/lib/python3.12/site-packages/torch/nn/modules/module.py", line 1784, in _call_impl
[rank1]:     return forward_call(*args, **kwargs)
[rank1]:            ^^^^^^^^^^^^^^^^^^^^^^^^^^^^^
[rank1]:   File "/home/m-wu/miniconda3/envs/mimo_cuda13/lib/python3.12/site-packages/bitsandbytes/nn/modules.py", line 556, in forward
[rank1]:     return bnb.matmul_4bit(x, weight, bias=bias, quant_state=quant_state).to(inp_dtype)
[rank1]:            ^^^^^^^^^^^^^^^^^^^^^^^^^^^^^^^^^^^^^^^^^^^^^^^^^^^^^^^^^^^^^^^^^^^^^^^^^^^^
[rank1]: torch.OutOfMemoryError: CUDA out of memory. Tried to allocate 320.00 MiB. GPU 1 has a total capacity of 94.97 GiB of which 244.12 MiB is free. Including non-PyTorch memory, this process has 94.72 GiB memory in use. Of the allocated memory 91.80 GiB is allocated by PyTorch, and 2.00 GiB is reserved by PyTorch but unallocated. If reserved but unallocated memory is large try setting PYTORCH_CUDA_ALLOC_CONF=expandable_segments:True to avoid fragmentation.  See documentation for Memory Management  (https://pytorch.org/docs/stable/notes/cuda.html#environment-variables)
huggingface/tokenizers: The current process just got forked, after parallelism has already been used. Disabling parallelism to avoid deadlocks...
To disable this warning, you can either:
	- Avoid using `tokenizers` before the fork if possible
	- Explicitly set the environment variable TOKENIZERS_PARALLELISM=(true | false)
huggingface/tokenizers: The current process just got forked, after parallelism has already been used. Disabling parallelism to avoid deadlocks...
To disable this warning, you can either:
	- Avoid using `tokenizers` before the fork if possible
	- Explicitly set the environment variable TOKENIZERS_PARALLELISM=(true | false)
huggingface/tokenizers: The current process just got forked, after parallelism has already been used. Disabling parallelism to avoid deadlocks...
To disable this warning, you can either:
	- Avoid using `tokenizers` before the fork if possible
	- Explicitly set the environment variable TOKENIZERS_PARALLELISM=(true | false)
huggingface/tokenizers: The current process just got forked, after parallelism has already been used. Disabling parallelism to avoid deadlocks...
To disable this warning, you can either:
	- Avoid using `tokenizers` before the fork if possible
	- Explicitly set the environment variable TOKENIZERS_PARALLELISM=(true | false)
gp36:178253:181180 [1] NCCL INFO misc/socket.cc:64 -> 3
gp36:178253:181180 [1] NCCL INFO misc/socket.cc:81 -> 3
gp36:178253:181180 [1] NCCL INFO misc/socket.cc:863 -> 3
gp36:178253:181180 [1] NCCL INFO misc/socket.cc:64 -> 3
gp36:178253:181180 [1] NCCL INFO misc/socket.cc:81 -> 3
gp36:178253:181180 [1] NCCL INFO misc/socket.cc:863 -> 3
gp36:178253:181180 [1] NCCL INFO misc/socket.cc:64 -> 3
gp36:178253:181180 [1] NCCL INFO misc/socket.cc:81 -> 3
gp36:178253:181180 [1] NCCL INFO misc/socket.cc:863 -> 3
gp36:178253:180924 [1] NCCL INFO misc/socket.cc:915 -> 3
gp36:178253:181180 [1] NCCL INFO comm 0x8f29bd90 rank 1 nranks 4 cudaDev 1 busId 92000 - Abort COMPLETE
gp36:178252:180456 [0] NCCL INFO [Service thread] Connection closed by localRank 1
gp36:178254:180455 [2] NCCL INFO [Service thread] Connection closed by localRank 1
[rank0]:[E612 01:22:46.043722879 ProcessGroupGloo.cpp:2524] [Rank 0]: Rank 1 failed to pass monitoredBarrier in 600000 ms
[rank0]:[E612 01:22:46.043755676 ProcessGroupGloo.cpp:71] [Rank 0]: Ranks 1 failed to pass monitoredBarrier in 600000 ms
W0612 01:22:46.247000 178102 site-packages/torch/distributed/elastic/multiprocessing/api.py:900] Sending process 178252 closing signal SIGTERM
W0612 01:22:46.249000 178102 site-packages/torch/distributed/elastic/multiprocessing/api.py:900] Sending process 178254 closing signal SIGTERM
gp36:178255:180922 [3] NCCL INFO [Service thread] Connection closed by localRank 0
gp36:178255:180454 [3] NCCL INFO [Service thread] Connection closed by localRank 0
[rank3]:[E612 01:22:46.167922352 ProcessGroupGloo.cpp:71] Rank 3 successfully reached monitoredBarrier, but received errors while waiting for send/recv from rank 0. Please check rank 0 logs for faulty rank.
gp36:178255:180922 [3] NCCL INFO [Service thread] Connection closed by localRank 2
gp36:178255:180454 [3] NCCL INFO [Service thread] Connection closed by localRank 2
W0612 01:22:46.274000 178102 site-packages/torch/distributed/elastic/multiprocessing/api.py:900] Sending process 178255 closing signal SIGTERM
E0612 01:22:46.766000 178102 site-packages/torch/distributed/elastic/multiprocessing/api.py:874] failed (exitcode: 1) local_rank: 1 (pid: 178253) of binary: /home/m-wu/miniconda3/envs/mimo_cuda13/bin/python3.12
Traceback (most recent call last):
  File "/home/m-wu/miniconda3/envs/mimo_cuda13/bin/torchrun", line 6, in <module>
    sys.exit(main())
             ^^^^^^
  File "/home/m-wu/miniconda3/envs/mimo_cuda13/lib/python3.12/site-packages/torch/distributed/elastic/multiprocessing/errors/__init__.py", line 357, in wrapper
    return f(*args, **kwargs)
           ^^^^^^^^^^^^^^^^^^
  File "/home/m-wu/miniconda3/envs/mimo_cuda13/lib/python3.12/site-packages/torch/distributed/run.py", line 901, in main
    run(args)
  File "/home/m-wu/miniconda3/envs/mimo_cuda13/lib/python3.12/site-packages/torch/distributed/run.py", line 892, in run
    elastic_launch(
  File "/home/m-wu/miniconda3/envs/mimo_cuda13/lib/python3.12/site-packages/torch/distributed/launcher/api.py", line 143, in __call__
    return launch_agent(self._config, self._entrypoint, list(args))
           ^^^^^^^^^^^^^^^^^^^^^^^^^^^^^^^^^^^^^^^^^^^^^^^^^^^^^^^^
  File "/home/m-wu/miniconda3/envs/mimo_cuda13/lib/python3.12/site-packages/torch/distributed/launcher/api.py", line 277, in launch_agent
    raise ChildFailedError(
torch.distributed.elastic.multiprocessing.errors.ChildFailedError: 
============================================================
train.py FAILED
------------------------------------------------------------
Failures:
  <NO_OTHER_FAILURES>
------------------------------------------------------------
Root Cause (first observed failure):
[0]:
  time      : 2026-06-12_01:22:46
  host      : gp36
  rank      : 1 (local_rank: 1)
  exitcode  : 1 (pid: 178253)
  error_file: <N/A>
  traceback : To enable traceback see: https://pytorch.org/docs/stable/elastic/errors.html
============================================================
